// Jest Snapshot v1, https://goo.gl/fbAQLP

exports[`should render CustomButton 1`] = `<styled.button />`;
